<html>
<body>
<pre>
<h1>µVision Build Log</h1>
<h2>Tool Versions:</h2>
IDE-Version: ¦ÌVision V5.30.0.0
Copyright (C) 2020 ARM Ltd and ARM Germany GmbH. All rights reserved.
License Information: chen 27252, chen, LIC=Z3C6R-K7DUY-VJU6J-UA3CI-S14V8-6NPF0
 
Tool Versions:
Toolchain:       MDK-ARM Professional  Version: 5.30.0.0
Toolchain Path:  C:\Keil_v5\ARM\ARMCC\Bin
C Compiler:      Armcc.exe V5.06 update 6 (build 750)
Assembler:       Armasm.exe V5.06 update 6 (build 750)
Linker/Locator:  ArmLink.exe V5.06 update 6 (build 750)
Library Manager: ArmAr.exe V5.06 update 6 (build 750)
Hex Converter:   FromElf.exe V5.06 update 6 (build 750)
CPU DLL:         SARMCM3.DLL V5.30.0.0
Dialog DLL:      DCM.DLL V1.17.3.0
Target DLL:      STLink\ST-LINKIII-KEIL_SWO.dll V3.0.7.0
Dialog DLL:      TCM.DLL V1.42.0.0
 
<h2>Project:</h2>
c:\Èí¼þ\1_Heart_register\1_Heart_register.uvprojx
Project File Date:  12/24/2025

<h2>Output:</h2>
*** Using Compiler 'V5.06 update 6 (build 750)', folder: 'C:\Keil_v5\ARM\ARMCC\Bin'
Rebuild target 'Target 1'
assembling startup_stm32f10x_hd.s...
compiling Driver_ADC1.c...
compiling Common_Debug.c...
compiling App_communication.c...
compiling App_Heart_Collect.c...
app\heart_collect\App_Heart_Collect.c(48): warning:  #223-D: function "Driver_ADC1_ReadValue" declared implicitly
      return Driver_ADC1_ReadValue();
app\heart_collect\App_Heart_Collect.c: 1 warning, 0 errors
compiling Driver_TIM7.c...
compiling Driver_Usart1.c...
compiling main.c...
compiling system_stm32f10x.c...
compiling core_cm3.c...
linking...
Program Size: Code=3424 RO-data=472 RW-data=32 ZI-data=1144  
FromELF: creating hex file...
".\Objects\01_LED_Register.axf" - 0 Error(s), 1 Warning(s).

<h2>Software Packages used:</h2>

Package Vendor: Keil
                http://www.keil.com/pack/Keil.STM32F1xx_DFP.2.3.0.pack
                Keil.STM32F1xx_DFP.2.3.0
                STMicroelectronics STM32F1 Series Device Support, Drivers and Examples

<h2>Collection of Component include folders:</h2>
  .\RTE\_Target_1
  C:\Users\27252\AppData\Local\Arm\Packs\Keil\STM32F1xx_DFP\2.3.0\Device\Include

<h2>Collection of Component Files used:</h2>
Build Time Elapsed:  00:00:01
</pre>
</body>
</html>
